F4_PYTHIA_VERSION 8.317
F4_SPECIES_REQUESTED n=202
F4_GATE_SAMPLE pdg=-20543 channels_before=2 channels_after=2
F4_GATE_SAMPLE pdg=-20533 channels_before=2 channels_after=2
F4_GATE_SAMPLE pdg=-20523 channels_before=2 channels_after=2
F4_GATE_SAMPLE pdg=-20513 channels_before=2 channels_after=2
F4_GATE_SAMPLE pdg=-20433 channels_before=2 channels_after=2
F4_GATE with_channels=202 probed=202 survived=202 verdict=READABLE_AFTER_DISABLE
F4_SPECIES pdg=-20543 name=B*_1c- channels=2 dominant_br=0.5 dominant_products=513:411 status=OK
F4_SPECIES pdg=-20533 name=B*_1sbar0 channels=2 dominant_br=0.5 dominant_products=523:-321 status=OK
F4_SPECIES pdg=-20523 name=B*_1- channels=2 dominant_br=0.667 dominant_products=513:211 status=OK
F4_SPECIES pdg=-20513 name=B*_1bar0 channels=2 dominant_br=0.667 dominant_products=523:-211 status=OK
F4_SPECIES pdg=-20433 name=D*_1s- channels=2 dominant_br=0.76 dominant_products=433:111 status=OK
F4_SPECIES pdg=-20423 name=D*_1bar0 channels=2 dominant_br=0.667 dominant_products=413:-211 status=OK
F4_SPECIES pdg=-20413 name=D*_1- channels=2 dominant_br=0.667 dominant_products=423:211 status=OK
F4_SPECIES pdg=-14122 name=Lambda_c(2593)bar- channels=6 dominant_br=0.24 dominant_products=4222:-211 status=OK
F4_SPECIES pdg=-10543 name=B_1c- channels=2 dominant_br=0.5 dominant_products=513:411 status=OK
F4_SPECIES pdg=-10541 name=B*_0c- channels=2 dominant_br=0.5 dominant_products=511:411 status=OK
F4_SPECIES pdg=-10533 name=B_1sbar0 channels=2 dominant_br=0.5 dominant_products=523:-321 status=OK
F4_SPECIES pdg=-10531 name=B*_0sbar0 channels=2 dominant_br=0.5 dominant_products=521:-321 status=OK
F4_SPECIES pdg=-10523 name=B_1- channels=2 dominant_br=0.667 dominant_products=513:211 status=OK
F4_SPECIES pdg=-10521 name=B*_0- channels=2 dominant_br=0.667 dominant_products=511:211 status=OK
F4_SPECIES pdg=-10513 name=B_1bar0 channels=2 dominant_br=0.667 dominant_products=523:-211 status=OK
F4_SPECIES pdg=-10511 name=B*_0bar0 channels=2 dominant_br=0.667 dominant_products=521:-211 status=OK
F4_SPECIES pdg=-10433 name=D_1s- channels=2 dominant_br=0.5 dominant_products=423:321 status=OK
F4_SPECIES pdg=-10431 name=D*_0s- channels=1 dominant_br=1 dominant_products=431:111 status=OK
F4_SPECIES pdg=-10423 name=D_1bar0 channels=2 dominant_br=0.667 dominant_products=413:-211 status=OK
F4_SPECIES pdg=-10421 name=D*_0bar0 channels=2 dominant_br=0.667 dominant_products=411:-211 status=OK
F4_SPECIES pdg=-10413 name=D_1- channels=2 dominant_br=0.667 dominant_products=423:211 status=OK
F4_SPECIES pdg=-10411 name=D*_0- channels=2 dominant_br=0.667 dominant_products=421:211 status=OK
F4_SPECIES pdg=-5554 name=Omega*_bbbbar+ channels=9 dominant_br=0.5 dominant_products=-2:1:4:81 status=OK
F4_SPECIES pdg=-5544 name=Omega*_bbcbar0 channels=9 dominant_br=0.5 dominant_products=-2:1:4:81 status=OK
F4_SPECIES pdg=-5542 name=Omega_bbcbar0 channels=9 dominant_br=0.5 dominant_products=-2:1:4:81 status=OK
F4_SPECIES pdg=-5534 name=Omega*_bbbar+ channels=9 dominant_br=0.5 dominant_products=-2:1:4:81 status=OK
F4_SPECIES pdg=-5532 name=Omega_bbbar+ channels=9 dominant_br=0.5 dominant_products=-2:1:4:81 status=OK
F4_SPECIES pdg=-5524 name=Xi*_bbbar0 channels=9 dominant_br=0.5 dominant_products=-2:1:4:81 status=OK
F4_SPECIES pdg=-5522 name=Xi_bbbar0 channels=9 dominant_br=0.5 dominant_products=-2:1:4:81 status=OK
F4_SPECIES pdg=-5514 name=Xi*_bbbar+ channels=9 dominant_br=0.5 dominant_products=-2:1:4:81 status=OK
F4_SPECIES pdg=-5512 name=Xi_bbbar+ channels=9 dominant_br=0.5 dominant_products=-2:1:4:81 status=OK
F4_SPECIES pdg=-5444 name=Omega*_bccbar- channels=9 dominant_br=0.5 dominant_products=-2:1:4:81 status=OK
F4_SPECIES pdg=-5442 name=Omega_bccbar- channels=9 dominant_br=0.5 dominant_products=-2:1:4:81 status=OK
F4_SPECIES pdg=-5434 name=Omega*_bcbar0 channels=9 dominant_br=0.5 dominant_products=-2:1:4:81 status=OK
F4_SPECIES pdg=-5432 name=Omega'_bcbar0 channels=9 dominant_br=0.5 dominant_products=-2:1:4:81 status=OK
F4_SPECIES pdg=-5424 name=Xi*_bcbar- channels=9 dominant_br=0.5 dominant_products=-2:1:4:81 status=OK
F4_SPECIES pdg=-5422 name=Xi'_bcbar- channels=9 dominant_br=0.5 dominant_products=-2:1:4:81 status=OK
F4_SPECIES pdg=-5414 name=Xi*_bcbar0 channels=9 dominant_br=0.5 dominant_products=-2:1:4:81 status=OK
F4_SPECIES pdg=-5412 name=Xi'_bcbar0 channels=9 dominant_br=0.5 dominant_products=-2:1:4:81 status=OK
F4_SPECIES pdg=-5342 name=Omega_bcbar0 channels=9 dominant_br=0.5 dominant_products=-2:1:4:81 status=OK
F4_SPECIES pdg=-5334 name=Omega*_bbar+ channels=1 dominant_br=1 dominant_products=5332:22 status=OK
F4_SPECIES pdg=-5332 name=Omega_bbar+ channels=47 dominant_br=0.263225 dominant_products=-2:4:1:3303 status=OK
F4_SPECIES pdg=-5324 name=Xi*_bbar0 channels=1 dominant_br=1 dominant_products=5232:22 status=OK
F4_SPECIES pdg=-5322 name=Xi'_bbar0 channels=1 dominant_br=1 dominant_products=5232:22 status=OK
F4_SPECIES pdg=-5314 name=Xi*_bbar+ channels=1 dominant_br=1 dominant_products=5132:22 status=OK
F4_SPECIES pdg=-5312 name=Xi'_bbar+ channels=1 dominant_br=1 dominant_products=5132:22 status=OK
F4_SPECIES pdg=-5242 name=Xi_bcbar- channels=9 dominant_br=0.5 dominant_products=-2:1:4:81 status=OK
F4_SPECIES pdg=-5232 name=Xi_bbar0 channels=52 dominant_br=0.263225 dominant_products=-2:4:1:3201 status=OK
F4_SPECIES pdg=-5224 name=Sigma*_bbar- channels=1 dominant_br=1 dominant_products=5122:211 status=OK
F4_SPECIES pdg=-5222 name=Sigma_bbar- channels=1 dominant_br=1 dominant_products=5122:211 status=OK
F4_SPECIES pdg=-5214 name=Sigma*_bbar0 channels=1 dominant_br=1 dominant_products=5122:111 status=OK
F4_SPECIES pdg=-5212 name=Sigma_bbar0 channels=1 dominant_br=1 dominant_products=5122:111 status=OK
F4_SPECIES pdg=-5142 name=Xi_bcbar0 channels=9 dominant_br=0.5 dominant_products=-2:1:4:81 status=OK
F4_SPECIES pdg=-5132 name=Xi_bbar+ channels=52 dominant_br=0.263225 dominant_products=-2:4:1:3101 status=OK
F4_SPECIES pdg=-5122 name=Lambda_bbar0 channels=41 dominant_br=0.4411147 dominant_products=-2:1:4:2101 status=OK
F4_SPECIES pdg=-5114 name=Sigma*_bbar+ channels=1 dominant_br=1 dominant_products=5122:-211 status=OK
F4_SPECIES pdg=-5112 name=Sigma_bbar+ channels=1 dominant_br=1 dominant_products=5122:-211 status=OK
F4_SPECIES pdg=-4444 name=Omega*_cccbar-- channels=4 dominant_br=0.76 dominant_products=2:-1:3:81 status=OK
F4_SPECIES pdg=-4434 name=Omega*_ccbar- channels=4 dominant_br=0.76 dominant_products=2:-1:3:81 status=OK
F4_SPECIES pdg=-4432 name=Omega_ccbar- channels=4 dominant_br=0.76 dominant_products=2:-1:3:81 status=OK
F4_SPECIES pdg=-4424 name=Xi*_ccbar-- channels=4 dominant_br=0.76 dominant_products=2:-1:3:81 status=OK
F4_SPECIES pdg=-4422 name=Xi_ccbar-- channels=4 dominant_br=0.76 dominant_products=2:-1:3:81 status=OK
F4_SPECIES pdg=-4414 name=Xi*_ccbar- channels=4 dominant_br=0.76 dominant_products=2:-1:3:81 status=OK
F4_SPECIES pdg=-4412 name=Xi_ccbar- channels=4 dominant_br=0.76 dominant_products=2:-1:3:81 status=OK
F4_SPECIES pdg=-4334 name=Omega*_cbar0 channels=1 dominant_br=1 dominant_products=4332:22 status=OK
F4_SPECIES pdg=-4332 name=Omega_cbar0 channels=3 dominant_br=0.964 dominant_products=2:-1:3:3303 status=OK
F4_SPECIES pdg=-4324 name=Xi*_cbar- channels=2 dominant_br=0.5 dominant_products=4232:111 status=OK
F4_SPECIES pdg=-4322 name=Xi'_cbar- channels=1 dominant_br=1 dominant_products=4232:22 status=OK
F4_SPECIES pdg=-4314 name=Xi*_cbar0 channels=2 dominant_br=0.5 dominant_products=4132:111 status=OK
F4_SPECIES pdg=-4312 name=Xi'_cbar0 channels=1 dominant_br=1 dominant_products=4132:22 status=OK
F4_SPECIES pdg=-4232 name=Xi_cbar- channels=5 dominant_br=0.93 dominant_products=2:-1:3:3201 status=OK
F4_SPECIES pdg=-4224 name=Sigma*_cbar-- channels=1 dominant_br=1 dominant_products=4122:211 status=OK
F4_SPECIES pdg=-4222 name=Sigma_cbar-- channels=1 dominant_br=1 dominant_products=4122:211 status=OK
F4_SPECIES pdg=-4214 name=Sigma*_cbar- channels=1 dominant_br=1 dominant_products=4122:111 status=OK
F4_SPECIES pdg=-4212 name=Sigma_cbar- channels=1 dominant_br=1 dominant_products=4122:111 status=OK
F4_SPECIES pdg=-4132 name=Xi_cbar0 channels=8 dominant_br=0.54 dominant_products=2:-1:3:3101 status=OK
F4_SPECIES pdg=-4124 name=Lambda_c(2625)bar- channels=3 dominant_br=0.66 dominant_products=4122:211:-211 status=OK
F4_SPECIES pdg=-4122 name=Lambda_cbar- channels=76 dominant_br=0.14 dominant_products=2:3201 status=OK
F4_SPECIES pdg=-4114 name=Sigma*_cbar0 channels=1 dominant_br=1 dominant_products=4122:-211 status=OK
F4_SPECIES pdg=-4112 name=Sigma_cbar0 channels=1 dominant_br=1 dominant_products=4122:-211 status=OK
F4_SPECIES pdg=-545 name=B*_2c- channels=4 dominant_br=0.3 dominant_products=511:411 status=OK
F4_SPECIES pdg=-543 name=B*_c- channels=1 dominant_br=1 dominant_products=541:22 status=OK
F4_SPECIES pdg=-541 name=B_c- channels=85 dominant_br=0.202 dominant_products=533:213 status=OK
F4_SPECIES pdg=-535 name=B*_2sbar0 channels=4 dominant_br=0.33 dominant_products=511:311 status=OK
F4_SPECIES pdg=-533 name=B*_sbar0 channels=1 dominant_br=1 dominant_products=531:22 status=OK
F4_SPECIES pdg=-531 name=B_sbar0 channels=246 dominant_br=0.3574344 dominant_products=2:-1:-4:3 status=OK
F4_SPECIES pdg=-525 name=B*_2- channels=6 dominant_br=0.31 dominant_products=513:211 status=OK
F4_SPECIES pdg=-523 name=B*- channels=1 dominant_br=1 dominant_products=521:22 status=OK
F4_SPECIES pdg=-521 name=B- channels=735 dominant_br=0.268336 dominant_products=2:-1:-4:2 status=OK
F4_SPECIES pdg=-515 name=B*_2bar0 channels=6 dominant_br=0.31 dominant_products=523:-211 status=OK
F4_SPECIES pdg=-513 name=B*bar0 channels=1 dominant_br=1 dominant_products=511:22 status=OK
F4_SPECIES pdg=-511 name=Bbar0 channels=890 dominant_br=0.316 dominant_products=2:-1:-4:1 status=OK
F4_SPECIES pdg=-435 name=D*_2s(2573)- channels=4 dominant_br=0.45 dominant_products=411:311 status=OK
F4_SPECIES pdg=-433 name=D*_s- channels=2 dominant_br=0.942 dominant_products=431:22 status=OK
F4_SPECIES pdg=-431 name=D_s- channels=61 dominant_br=0.13104 dominant_products=221:213 status=OK
F4_SPECIES pdg=-425 name=D*_2(2460)bar0 channels=6 dominant_br=0.38 dominant_products=411:-211 status=OK
F4_SPECIES pdg=-423 name=D*bar0 channels=2 dominant_br=0.619 dominant_products=421:111 status=OK
F4_SPECIES pdg=-421 name=Dbar0 channels=84 dominant_br=0.139 dominant_products=-321:211:111 status=OK
F4_SPECIES pdg=-415 name=D*_2(2460)- channels=6 dominant_br=0.38 dominant_products=421:211 status=OK
F4_SPECIES pdg=-413 name=D*- channels=3 dominant_br=0.677 dominant_products=421:211 status=OK
F4_SPECIES pdg=-411 name=D- channels=74 dominant_br=0.097 dominant_products=311:211:111 status=OK
F4_SPECIES pdg=411 name=D+ channels=74 dominant_br=0.097 dominant_products=311:211:111 status=OK
F4_SPECIES pdg=413 name=D*+ channels=3 dominant_br=0.677 dominant_products=421:211 status=OK
F4_SPECIES pdg=415 name=D*_2(2460)+ channels=6 dominant_br=0.38 dominant_products=421:211 status=OK
F4_SPECIES pdg=421 name=D0 channels=84 dominant_br=0.139 dominant_products=-321:211:111 status=OK
F4_SPECIES pdg=423 name=D*0 channels=2 dominant_br=0.619 dominant_products=421:111 status=OK
F4_SPECIES pdg=425 name=D*_2(2460)0 channels=6 dominant_br=0.38 dominant_products=411:-211 status=OK
F4_SPECIES pdg=431 name=D_s+ channels=61 dominant_br=0.13104 dominant_products=221:213 status=OK
F4_SPECIES pdg=433 name=D*_s+ channels=2 dominant_br=0.942 dominant_products=431:22 status=OK
F4_SPECIES pdg=435 name=D*_2s(2573)+ channels=4 dominant_br=0.45 dominant_products=411:311 status=OK
F4_SPECIES pdg=511 name=B0 channels=890 dominant_br=0.316 dominant_products=2:-1:-4:1 status=OK
F4_SPECIES pdg=513 name=B*0 channels=1 dominant_br=1 dominant_products=511:22 status=OK
F4_SPECIES pdg=515 name=B*_20 channels=6 dominant_br=0.31 dominant_products=523:-211 status=OK
F4_SPECIES pdg=521 name=B+ channels=735 dominant_br=0.268336 dominant_products=2:-1:-4:2 status=OK
F4_SPECIES pdg=523 name=B*+ channels=1 dominant_br=1 dominant_products=521:22 status=OK
F4_SPECIES pdg=525 name=B*_2+ channels=6 dominant_br=0.31 dominant_products=513:211 status=OK
F4_SPECIES pdg=531 name=B_s0 channels=246 dominant_br=0.3574344 dominant_products=2:-1:-4:3 status=OK
F4_SPECIES pdg=533 name=B*_s0 channels=1 dominant_br=1 dominant_products=531:22 status=OK
F4_SPECIES pdg=535 name=B*_2s0 channels=4 dominant_br=0.33 dominant_products=511:311 status=OK
F4_SPECIES pdg=541 name=B_c+ channels=85 dominant_br=0.202 dominant_products=533:213 status=OK
F4_SPECIES pdg=543 name=B*_c+ channels=1 dominant_br=1 dominant_products=541:22 status=OK
F4_SPECIES pdg=545 name=B*_2c+ channels=4 dominant_br=0.3 dominant_products=511:411 status=OK
F4_SPECIES pdg=4112 name=Sigma_c0 channels=1 dominant_br=1 dominant_products=4122:-211 status=OK
F4_SPECIES pdg=4114 name=Sigma*_c0 channels=1 dominant_br=1 dominant_products=4122:-211 status=OK
F4_SPECIES pdg=4122 name=Lambda_c+ channels=76 dominant_br=0.14 dominant_products=2:3201 status=OK
F4_SPECIES pdg=4124 name=Lambda_c(2625)+ channels=3 dominant_br=0.66 dominant_products=4122:211:-211 status=OK
F4_SPECIES pdg=4132 name=Xi_c0 channels=8 dominant_br=0.54 dominant_products=2:-1:3:3101 status=OK
F4_SPECIES pdg=4212 name=Sigma_c+ channels=1 dominant_br=1 dominant_products=4122:111 status=OK
F4_SPECIES pdg=4214 name=Sigma*_c+ channels=1 dominant_br=1 dominant_products=4122:111 status=OK
F4_SPECIES pdg=4222 name=Sigma_c++ channels=1 dominant_br=1 dominant_products=4122:211 status=OK
F4_SPECIES pdg=4224 name=Sigma*_c++ channels=1 dominant_br=1 dominant_products=4122:211 status=OK
F4_SPECIES pdg=4232 name=Xi_c+ channels=5 dominant_br=0.93 dominant_products=2:-1:3:3201 status=OK
F4_SPECIES pdg=4312 name=Xi'_c0 channels=1 dominant_br=1 dominant_products=4132:22 status=OK
F4_SPECIES pdg=4314 name=Xi*_c0 channels=2 dominant_br=0.5 dominant_products=4132:111 status=OK
F4_SPECIES pdg=4322 name=Xi'_c+ channels=1 dominant_br=1 dominant_products=4232:22 status=OK
F4_SPECIES pdg=4324 name=Xi*_c+ channels=2 dominant_br=0.5 dominant_products=4232:111 status=OK
F4_SPECIES pdg=4332 name=Omega_c0 channels=3 dominant_br=0.964 dominant_products=2:-1:3:3303 status=OK
F4_SPECIES pdg=4334 name=Omega*_c0 channels=1 dominant_br=1 dominant_products=4332:22 status=OK
F4_SPECIES pdg=4412 name=Xi_cc+ channels=4 dominant_br=0.76 dominant_products=2:-1:3:81 status=OK
F4_SPECIES pdg=4414 name=Xi*_cc+ channels=4 dominant_br=0.76 dominant_products=2:-1:3:81 status=OK
F4_SPECIES pdg=4422 name=Xi_cc++ channels=4 dominant_br=0.76 dominant_products=2:-1:3:81 status=OK
F4_SPECIES pdg=4424 name=Xi*_cc++ channels=4 dominant_br=0.76 dominant_products=2:-1:3:81 status=OK
F4_SPECIES pdg=4432 name=Omega_cc+ channels=4 dominant_br=0.76 dominant_products=2:-1:3:81 status=OK
F4_SPECIES pdg=4434 name=Omega*_cc+ channels=4 dominant_br=0.76 dominant_products=2:-1:3:81 status=OK
F4_SPECIES pdg=4444 name=Omega*_ccc++ channels=4 dominant_br=0.76 dominant_products=2:-1:3:81 status=OK
F4_SPECIES pdg=5112 name=Sigma_b- channels=1 dominant_br=1 dominant_products=5122:-211 status=OK
F4_SPECIES pdg=5114 name=Sigma*_b- channels=1 dominant_br=1 dominant_products=5122:-211 status=OK
F4_SPECIES pdg=5122 name=Lambda_b0 channels=41 dominant_br=0.4411147 dominant_products=-2:1:4:2101 status=OK
F4_SPECIES pdg=5132 name=Xi_b- channels=52 dominant_br=0.263225 dominant_products=-2:4:1:3101 status=OK
F4_SPECIES pdg=5142 name=Xi_bc0 channels=9 dominant_br=0.5 dominant_products=-2:1:4:81 status=OK
F4_SPECIES pdg=5212 name=Sigma_b0 channels=1 dominant_br=1 dominant_products=5122:111 status=OK
F4_SPECIES pdg=5214 name=Sigma*_b0 channels=1 dominant_br=1 dominant_products=5122:111 status=OK
F4_SPECIES pdg=5222 name=Sigma_b+ channels=1 dominant_br=1 dominant_products=5122:211 status=OK
F4_SPECIES pdg=5224 name=Sigma*_b+ channels=1 dominant_br=1 dominant_products=5122:211 status=OK
F4_SPECIES pdg=5232 name=Xi_b0 channels=52 dominant_br=0.263225 dominant_products=-2:4:1:3201 status=OK
F4_SPECIES pdg=5242 name=Xi_bc+ channels=9 dominant_br=0.5 dominant_products=-2:1:4:81 status=OK
F4_SPECIES pdg=5312 name=Xi'_b- channels=1 dominant_br=1 dominant_products=5132:22 status=OK
F4_SPECIES pdg=5314 name=Xi*_b- channels=1 dominant_br=1 dominant_products=5132:22 status=OK
F4_SPECIES pdg=5322 name=Xi'_b0 channels=1 dominant_br=1 dominant_products=5232:22 status=OK
F4_SPECIES pdg=5324 name=Xi*_b0 channels=1 dominant_br=1 dominant_products=5232:22 status=OK
F4_SPECIES pdg=5332 name=Omega_b- channels=47 dominant_br=0.263225 dominant_products=-2:4:1:3303 status=OK
F4_SPECIES pdg=5334 name=Omega*_b- channels=1 dominant_br=1 dominant_products=5332:22 status=OK
F4_SPECIES pdg=5342 name=Omega_bc0 channels=9 dominant_br=0.5 dominant_products=-2:1:4:81 status=OK
F4_SPECIES pdg=5412 name=Xi'_bc0 channels=9 dominant_br=0.5 dominant_products=-2:1:4:81 status=OK
F4_SPECIES pdg=5414 name=Xi*_bc0 channels=9 dominant_br=0.5 dominant_products=-2:1:4:81 status=OK
F4_SPECIES pdg=5422 name=Xi'_bc+ channels=9 dominant_br=0.5 dominant_products=-2:1:4:81 status=OK
F4_SPECIES pdg=5424 name=Xi*_bc+ channels=9 dominant_br=0.5 dominant_products=-2:1:4:81 status=OK
F4_SPECIES pdg=5432 name=Omega'_bc0 channels=9 dominant_br=0.5 dominant_products=-2:1:4:81 status=OK
F4_SPECIES pdg=5434 name=Omega*_bc0 channels=9 dominant_br=0.5 dominant_products=-2:1:4:81 status=OK
F4_SPECIES pdg=5442 name=Omega_bcc+ channels=9 dominant_br=0.5 dominant_products=-2:1:4:81 status=OK
F4_SPECIES pdg=5444 name=Omega*_bcc+ channels=9 dominant_br=0.5 dominant_products=-2:1:4:81 status=OK
F4_SPECIES pdg=5512 name=Xi_bb- channels=9 dominant_br=0.5 dominant_products=-2:1:4:81 status=OK
F4_SPECIES pdg=5514 name=Xi*_bb- channels=9 dominant_br=0.5 dominant_products=-2:1:4:81 status=OK
F4_SPECIES pdg=5522 name=Xi_bb0 channels=9 dominant_br=0.5 dominant_products=-2:1:4:81 status=OK
F4_SPECIES pdg=5524 name=Xi*_bb0 channels=9 dominant_br=0.5 dominant_products=-2:1:4:81 status=OK
F4_SPECIES pdg=5532 name=Omega_bb- channels=9 dominant_br=0.5 dominant_products=-2:1:4:81 status=OK
F4_SPECIES pdg=5534 name=Omega*_bb- channels=9 dominant_br=0.5 dominant_products=-2:1:4:81 status=OK
F4_SPECIES pdg=5542 name=Omega_bbc0 channels=9 dominant_br=0.5 dominant_products=-2:1:4:81 status=OK
F4_SPECIES pdg=5544 name=Omega*_bbc0 channels=9 dominant_br=0.5 dominant_products=-2:1:4:81 status=OK
F4_SPECIES pdg=5554 name=Omega*_bbb- channels=9 dominant_br=0.5 dominant_products=-2:1:4:81 status=OK
F4_SPECIES pdg=10411 name=D*_0+ channels=2 dominant_br=0.667 dominant_products=421:211 status=OK
F4_SPECIES pdg=10413 name=D_1+ channels=2 dominant_br=0.667 dominant_products=423:211 status=OK
F4_SPECIES pdg=10421 name=D*_00 channels=2 dominant_br=0.667 dominant_products=411:-211 status=OK
F4_SPECIES pdg=10423 name=D_10 channels=2 dominant_br=0.667 dominant_products=413:-211 status=OK
F4_SPECIES pdg=10431 name=D*_0s+ channels=1 dominant_br=1 dominant_products=431:111 status=OK
F4_SPECIES pdg=10433 name=D_1s+ channels=2 dominant_br=0.5 dominant_products=423:321 status=OK
F4_SPECIES pdg=10511 name=B*_00 channels=2 dominant_br=0.667 dominant_products=521:-211 status=OK
F4_SPECIES pdg=10513 name=B_10 channels=2 dominant_br=0.667 dominant_products=523:-211 status=OK
F4_SPECIES pdg=10521 name=B*_0+ channels=2 dominant_br=0.667 dominant_products=511:211 status=OK
F4_SPECIES pdg=10523 name=B_1+ channels=2 dominant_br=0.667 dominant_products=513:211 status=OK
F4_SPECIES pdg=10531 name=B*_0s0 channels=2 dominant_br=0.5 dominant_products=521:-321 status=OK
F4_SPECIES pdg=10533 name=B_1s0 channels=2 dominant_br=0.5 dominant_products=523:-321 status=OK
F4_SPECIES pdg=10541 name=B*_0c+ channels=2 dominant_br=0.5 dominant_products=511:411 status=OK
F4_SPECIES pdg=10543 name=B_1c+ channels=2 dominant_br=0.5 dominant_products=513:411 status=OK
F4_SPECIES pdg=14122 name=Lambda_c(2593)+ channels=6 dominant_br=0.24 dominant_products=4222:-211 status=OK
F4_SPECIES pdg=20413 name=D*_1+ channels=2 dominant_br=0.667 dominant_products=423:211 status=OK
F4_SPECIES pdg=20423 name=D*_10 channels=2 dominant_br=0.667 dominant_products=413:-211 status=OK
F4_SPECIES pdg=20433 name=D*_1s+ channels=2 dominant_br=0.76 dominant_products=433:111 status=OK
F4_SPECIES pdg=20513 name=B*_10 channels=2 dominant_br=0.667 dominant_products=523:-211 status=OK
F4_SPECIES pdg=20523 name=B*_1+ channels=2 dominant_br=0.667 dominant_products=513:211 status=OK
F4_SPECIES pdg=20533 name=B*_1s0 channels=2 dominant_br=0.5 dominant_products=523:-321 status=OK
F4_SPECIES pdg=20543 name=B*_1c+ channels=2 dominant_br=0.5 dominant_products=513:411 status=OK
F4_DONE
